// Jest Snapshot v1, https://goo.gl/fbAQLP

exports[`MysqlRecord cols should build a cols object 1`] = `
Array [
  Object {
    "name": "id",
    "type": "BIGINT UNSIGNED",
  },
  Object {
    "name": "class_no",
    "type": "INT",
  },
  Object {
    "name": "characters_id",
    "type": "BIGINT UNSIGNED",
  },
  Object {
    "name": "coordinate_rect",
    "type": "TEXT",
  },
  Object {
    "name": "rgb_flavour_text_colour",
    "type": "TEXT",
  },
  Object {
    "name": "name",
    "type": "TEXT",
  },
  Object {
    "name": "flavour_text",
    "type": "TEXT",
  },
  Object {
    "name": "ogg_file",
    "type": "TEXT",
  },
]
`;
